
__getcomponents
__get:components
__call:Crawler
__get:components
__call:Crawler
__get:components
__call:Crawler
__get:components
__call:Crawler
__get:components
__call:Crawler
__get:components
__call:Crawler
__call:Crawler
Crawler
__call:Crawler
__call:Crawler
